[18:16:55] [Paper Plugin Remapper Thread - 2/INFO]: [PluginRemapper] Remapping plugin 'plugins/GroupManager.jar'...
[18:16:55] [Paper Plugin Remapper Thread - 2/INFO]: [PluginRemapper] Done remapping plugin 'plugins/GroupManager.jar' in 546ms.
[18:16:58] [ServerMain/WARN]: resource-pack-id missing, using default of 35b812e1-ffea-33b3-bc94-80688c3ed726
[18:16:58] [ServerMain/INFO]: Environment: Environment[sessionHost=https://sessionserver.mojang.com, servicesHost=https://api.minecraftservices.com, name=PROD]
[18:16:59] [ServerMain/INFO]: Loaded 1175 recipes
[18:17:00] [ServerMain/INFO]: Loaded 1276 advancements
[18:17:00] [Server thread/INFO]: Starting minecraft server version 1.20.6
[18:17:00] [Server thread/INFO]: Loading properties
[18:17:00] [Server thread/INFO]: This server is running Paper version 1.20.6-138-master@906df69 (2024-06-10T06:32:15Z) (Implementing API version 1.20.6-R0.1-SNAPSHOT)
[18:17:01] [Server thread/INFO]: Server Ping Player Sample Count: 12
[18:17:01] [Server thread/INFO]: Using 4 threads for Netty based IO
[18:17:01] [Server thread/WARN]: [!] The timings profiler has been enabled but has been scheduled for removal from Paper in the future.
    We recommend installing the spark profiler as a replacement: https://spark.lucko.me/
    For more information please visit: https://github.com/PaperMC/Paper/issues/8948
[18:17:01] [Server thread/INFO]: [ChunkTaskScheduler] Chunk system is using 1 I/O threads, 1 worker threads, and gen parallelism of 1 threads
[18:17:01] [Server thread/INFO]: Default game type: ADVENTURE
[18:17:01] [Server thread/INFO]: Generating keypair
[18:17:01] [Server thread/INFO]: Starting Minecraft server on 0.0.0.0:25622
[18:17:01] [Server thread/INFO]: Using epoll channel type
[18:17:01] [Server thread/INFO]: Paper: Using libdeflate (Linux x86_64) compression from Velocity.
[18:17:01] [Server thread/INFO]: Paper: Using OpenSSL 3.0.x (Linux x86_64) cipher from Velocity.
[18:17:02] [Server thread/INFO]: [SpigotLibraryLoader] [GroupManager] Loading 6 libraries... please wait
[18:17:03] [Server thread/INFO]: [SpigotLibraryLoader] Downloading https://repo.maven.apache.org/maven2/org/postgresql/postgresql/42.4.2/postgresql-42.4.2.pom
[18:17:03] [Server thread/INFO]: [SpigotLibraryLoader] Downloading https://repo.maven.apache.org/maven2/org/checkerframework/checker-qual/3.5.0/checker-qual-3.5.0.pom
[18:17:03] [Server thread/INFO]: [SpigotLibraryLoader] Downloading https://repo.maven.apache.org/maven2/com/h2database/h2/2.1.214/h2-2.1.214.pom
[18:17:03] [Server thread/INFO]: [SpigotLibraryLoader] Downloading https://repo.maven.apache.org/maven2/mysql/mysql-connector-java/8.0.30/mysql-connector-java-8.0.30.pom
[18:17:03] [Server thread/INFO]: [SpigotLibraryLoader] Downloading https://repo.maven.apache.org/maven2/com/google/protobuf/protobuf-java/3.19.4/protobuf-java-3.19.4.pom
[18:17:03] [Server thread/INFO]: [SpigotLibraryLoader] Downloading https://repo.maven.apache.org/maven2/com/google/protobuf/protobuf-parent/3.19.4/protobuf-parent-3.19.4.pom
[18:17:03] [Server thread/INFO]: [SpigotLibraryLoader] Downloading https://repo.maven.apache.org/maven2/com/google/protobuf/protobuf-bom/3.19.4/protobuf-bom-3.19.4.pom
[18:17:03] [Server thread/INFO]: [SpigotLibraryLoader] Downloading https://repo.maven.apache.org/maven2/org/mariadb/jdbc/mariadb-java-client/3.0.7/mariadb-java-client-3.0.7.pom
[18:17:03] [Server thread/INFO]: [SpigotLibraryLoader] Downloading https://repo.maven.apache.org/maven2/org/junit/junit-bom/5.8.2/junit-bom-5.8.2.pom
[18:17:03] [Server thread/INFO]: [SpigotLibraryLoader] Downloading https://repo.maven.apache.org/maven2/software/amazon/awssdk/bom/2.17.24/bom-2.17.24.pom
[18:17:03] [Server thread/INFO]: [SpigotLibraryLoader] Downloading https://repo.maven.apache.org/maven2/software/amazon/awssdk/aws-sdk-java-pom/2.17.24/aws-sdk-java-pom-2.17.24.pom
[18:17:03] [Server thread/INFO]: [SpigotLibraryLoader] Downloading https://repo.maven.apache.org/maven2/com/zaxxer/HikariCP/5.0.1/HikariCP-5.0.1.pom
[18:17:04] [Server thread/INFO]: [SpigotLibraryLoader] Downloading https://repo.maven.apache.org/maven2/org/sonatype/oss/oss-parent/9/oss-parent-9.pom
[18:17:04] [Server thread/INFO]: [SpigotLibraryLoader] Downloading https://repo.maven.apache.org/maven2/org/slf4j/slf4j-api/2.0.0-alpha1/slf4j-api-2.0.0-alpha1.pom
[18:17:04] [Server thread/INFO]: [SpigotLibraryLoader] Downloading https://repo.maven.apache.org/maven2/org/slf4j/slf4j-parent/2.0.0-alpha1/slf4j-parent-2.0.0-alpha1.pom
[18:17:04] [Server thread/INFO]: [SpigotLibraryLoader] Downloading https://repo.maven.apache.org/maven2/org/slf4j/slf4j-api/2.0.0/slf4j-api-2.0.0.pom
[18:17:04] [Server thread/INFO]: [SpigotLibraryLoader] Downloading https://repo.maven.apache.org/maven2/org/slf4j/slf4j-parent/2.0.0/slf4j-parent-2.0.0.pom
[18:17:04] [Server thread/INFO]: [SpigotLibraryLoader] Downloading https://repo.maven.apache.org/maven2/org/postgresql/postgresql/42.4.2/postgresql-42.4.2.jar
[18:17:04] [BasicRepositoryConnector-repo.maven.apache.org-0-0/INFO]: [SpigotLibraryLoader] Downloading https://repo.maven.apache.org/maven2/org/checkerframework/checker-qual/3.5.0/checker-qual-3.5.0.jar
[18:17:04] [BasicRepositoryConnector-repo.maven.apache.org-0-0/INFO]: [SpigotLibraryLoader] Downloading https://repo.maven.apache.org/maven2/com/zaxxer/HikariCP/5.0.1/HikariCP-5.0.1.jar
[18:17:04] [BasicRepositoryConnector-repo.maven.apache.org-0-1/INFO]: [SpigotLibraryLoader] Downloading https://repo.maven.apache.org/maven2/com/h2database/h2/2.1.214/h2-2.1.214.jar
[18:17:04] [BasicRepositoryConnector-repo.maven.apache.org-0-2/INFO]: [SpigotLibraryLoader] Downloading https://repo.maven.apache.org/maven2/mysql/mysql-connector-java/8.0.30/mysql-connector-java-8.0.30.jar
[18:17:04] [BasicRepositoryConnector-repo.maven.apache.org-0-3/INFO]: [SpigotLibraryLoader] Downloading https://repo.maven.apache.org/maven2/com/google/protobuf/protobuf-java/3.19.4/protobuf-java-3.19.4.jar
[18:17:04] [BasicRepositoryConnector-repo.maven.apache.org-0-4/INFO]: [SpigotLibraryLoader] Downloading https://repo.maven.apache.org/maven2/org/mariadb/jdbc/mariadb-java-client/3.0.7/mariadb-java-client-3.0.7.jar
[18:17:04] [BasicRepositoryConnector-repo.maven.apache.org-0-0/INFO]: [SpigotLibraryLoader] Downloading https://repo.maven.apache.org/maven2/org/slf4j/slf4j-api/2.0.0/slf4j-api-2.0.0.jar
[18:17:04] [Server thread/INFO]: [SpigotLibraryLoader] [GroupManager] Loaded library /home/container/libraries/org/postgresql/postgresql/42.4.2/postgresql-42.4.2.jar
[18:17:04] [Server thread/INFO]: [SpigotLibraryLoader] [GroupManager] Loaded library /home/container/libraries/org/checkerframework/checker-qual/3.5.0/checker-qual-3.5.0.jar
[18:17:04] [Server thread/INFO]: [SpigotLibraryLoader] [GroupManager] Loaded library /home/container/libraries/com/h2database/h2/2.1.214/h2-2.1.214.jar
[18:17:04] [Server thread/INFO]: [SpigotLibraryLoader] [GroupManager] Loaded library /home/container/libraries/mysql/mysql-connector-java/8.0.30/mysql-connector-java-8.0.30.jar
[18:17:04] [Server thread/INFO]: [SpigotLibraryLoader] [GroupManager] Loaded library /home/container/libraries/com/google/protobuf/protobuf-java/3.19.4/protobuf-java-3.19.4.jar
[18:17:04] [Server thread/INFO]: [SpigotLibraryLoader] [GroupManager] Loaded library /home/container/libraries/org/mariadb/jdbc/mariadb-java-client/3.0.7/mariadb-java-client-3.0.7.jar
[18:17:04] [Server thread/INFO]: [SpigotLibraryLoader] [GroupManager] Loaded library /home/container/libraries/com/zaxxer/HikariCP/5.0.1/HikariCP-5.0.1.jar
[18:17:04] [Server thread/INFO]: [SpigotLibraryLoader] [GroupManager] Loaded library /home/container/libraries/org/slf4j/slf4j-api/2.0.0/slf4j-api-2.0.0.jar
[18:17:04] [Server thread/INFO]: [PlaceholderAPI] Loading server plugin PlaceholderAPI v2.11.6
[18:17:04] [Server thread/INFO]: [ViaVersion] Loading server plugin ViaVersion v5.2.1
[18:17:04] [Server thread/INFO]: [ViaVersion] ViaVersion 5.2.1 is now loaded. Registering protocol transformers and injecting...
[18:17:05] [Via-Mappingloader-0/INFO]: [ViaVersion] Loading block connection mappings ...
[18:17:05] [Via-Mappingloader-0/INFO]: [ViaVersion] Using FastUtil Long2ObjectOpenHashMap for block connections
[18:17:05] [Server thread/INFO]: [Multiverse-Core] Loading server plugin Multiverse-Core v4.3.14
[18:17:05] [Server thread/INFO]: [DecentHolograms] Loading server plugin DecentHolograms v2.8.14
[18:17:05] [Server thread/INFO]: [SkinsRestorer] Loading server plugin SkinsRestorer v15.6.0
[18:17:05] [Server thread/INFO]: [Skript] Loading server plugin Skript v2.10.1
[18:17:05] [Server thread/INFO]: [Citizens] Loading server plugin Citizens v2.0.35-SNAPSHOT (build 3535)
[18:17:05] [Server thread/INFO]: [HubParkour] Loading server plugin HubParkour v2.7.6
[18:17:05] [Server thread/INFO]: [TAB] Loading server plugin TAB v5.0.3
[18:17:05] [Server thread/INFO]: [ajLeaderboards] Loading server plugin ajLeaderboards v2.9.0
[18:17:05] [Server thread/INFO]: [ajLeaderboards] Verifying checksum for gson
[18:17:05] [Server thread/INFO]: [ajLeaderboards] Checksum matched for gson
[18:17:06] [Server thread/INFO]: [ajLeaderboards] Verifying checksum for jar-relocator
[18:17:06] [Server thread/INFO]: [ajLeaderboards] Checksum matched for jar-relocator
[18:17:06] [Server thread/INFO]: [ajLeaderboards] Verifying checksum for asm
[18:17:06] [Server thread/INFO]: [ajLeaderboards] Checksum matched for asm
[18:17:06] [Server thread/INFO]: [ajLeaderboards] Verifying checksum for asm-commons
[18:17:06] [Server thread/INFO]: [ajLeaderboards] Checksum matched for asm-commons
[18:17:06] [Server thread/INFO]: [ajLeaderboards] Verifying checksum for gson
[18:17:06] [Server thread/INFO]: [ajLeaderboards] Checksum matched for gson
[18:17:06] [Server thread/INFO]: [ajLeaderboards] Verifying checksum for HikariCP
[18:17:06] [Server thread/INFO]: [ajLeaderboards] Checksum matched for HikariCP
[18:17:06] [Server thread/INFO]: [ajLeaderboards] Verifying checksum for slf4j-api
[18:17:06] [Server thread/INFO]: [ajLeaderboards] Checksum matched for slf4j-api
[18:17:06] [Server thread/INFO]: [ajLeaderboards] Verifying checksum for h2
[18:17:06] [Server thread/INFO]: [ajLeaderboards] Checksum matched for h2
[18:17:06] [Server thread/INFO]: [ajLeaderboards] Verifying checksum for okhttp
[18:17:06] [Server thread/INFO]: [ajLeaderboards] Checksum matched for okhttp
[18:17:06] [Server thread/INFO]: [ajLeaderboards] Verifying checksum for okio
[18:17:06] [Server thread/INFO]: [ajLeaderboards] Checksum matched for okio
[18:17:06] [Server thread/INFO]: [ajLeaderboards] Verifying checksum for okio-jvm
[18:17:06] [Server thread/INFO]: [ajLeaderboards] Checksum matched for okio-jvm
[18:17:06] [Server thread/INFO]: [ajLeaderboards] Verifying checksum for kotlin-stdlib-jdk8
[18:17:06] [Server thread/INFO]: [ajLeaderboards] Checksum matched for kotlin-stdlib-jdk8
[18:17:06] [Server thread/INFO]: [ajLeaderboards] Verifying checksum for kotlin-stdlib
[18:17:06] [Server thread/INFO]: [ajLeaderboards] Checksum matched for kotlin-stdlib
[18:17:06] [Server thread/INFO]: [ajLeaderboards] Verifying checksum for kotlin-stdlib-common
[18:17:06] [Server thread/INFO]: [ajLeaderboards] Checksum matched for kotlin-stdlib-common
[18:17:06] [Server thread/INFO]: [ajLeaderboards] Verifying checksum for annotations
[18:17:06] [Server thread/INFO]: [ajLeaderboards] Checksum matched for annotations
[18:17:06] [Server thread/INFO]: [ajLeaderboards] Verifying checksum for kotlin-stdlib-jdk7
[18:17:06] [Server thread/INFO]: [ajLeaderboards] Checksum matched for kotlin-stdlib-jdk7
[18:17:06] [Server thread/INFO]: [WorldEdit] Loading server plugin WorldEdit v7.3.2+6779-3aca580
[18:17:06] [Server thread/INFO]: Got request to register class com.sk89q.worldedit.bukkit.BukkitServerInterface with WorldEdit [com.sk89q.worldedit.extension.platform.PlatformManager@165991c9]
[18:17:06] [Server thread/INFO]: [SetSpawn] Loading server plugin SetSpawn v4.9
[18:17:06] [Server thread/INFO]: [voicechat] Loading server plugin voicechat v2.5.27
[18:17:06] [Server thread/INFO]: [ImageFrame] Loading server plugin ImageFrame v1.7.14.0
[18:17:06] [Server thread/INFO]: [GSit] Loading server plugin GSit v1.9.3
[18:17:06] [Server thread/INFO]: [SkQuery] Loading server plugin SkQuery v4.3.0
[18:17:06] [Server thread/INFO]: [GroupManager] Loading server plugin GroupManager v3.2 (Phoenix)
[18:17:06] [Server thread/INFO]: [GroupManager] Dependencies: OK
[18:17:06] [Server thread/INFO]: [OldCombatMechanics] Loading server plugin OldCombatMechanics v2.0.4
[18:17:06] [Server thread/INFO]: Server permissions file permissions.yml is empty, ignoring it
[18:17:06] [Server thread/INFO]: [SkinsRestorer] Enabling SkinsRestorer v15.6.0
[18:17:07] [Server thread/WARN]: [SkinsRestorer] You must agree to the rules at 'commands.perSkinPermissionsConsent' in the config to use per skin permissions.
[18:17:07] [Server thread/INFO]: [SkinsRestorer] Running on Minecraft 1.20.6.
[18:17:08] [Server thread/INFO]: [SkinsRestorer] Using paper join listener!
[18:17:08] [Server thread/INFO]: [PlaceholderAPI] Successfully registered internal expansion: skinsrestorer [15.6.0]
[18:17:08] [Server thread/INFO]: [SkinsRestorer] PlaceholderAPI expansion registered!
[18:17:08] [Server thread/INFO]: [WorldEdit] Enabling WorldEdit v7.3.2+6779-3aca580
[18:17:08] [Server thread/INFO]: Registering commands with com.sk89q.worldedit.bukkit.BukkitServerInterface
[18:17:08] [Server thread/INFO]: WEPIF: Using the Bukkit Permissions API.
[18:17:08] [Folia Async Scheduler Thread #1/INFO]: [SkinsRestorer] ----------------------------------------------
[18:17:08] [Folia Async Scheduler Thread #1/INFO]: [SkinsRestorer]     +==================+
[18:17:08] [Folia Async Scheduler Thread #1/INFO]: [SkinsRestorer]     |   SkinsRestorer  |
[18:17:08] [Folia Async Scheduler Thread #1/INFO]: [SkinsRestorer]     |------------------|
[18:17:08] [Folia Async Scheduler Thread #1/INFO]: [SkinsRestorer]     |  Standalone Mode |
[18:17:08] [Folia Async Scheduler Thread #1/INFO]: [SkinsRestorer]     +==================+
[18:17:08] [Folia Async Scheduler Thread #1/INFO]: [SkinsRestorer] ----------------------------------------------
[18:17:08] [Folia Async Scheduler Thread #1/INFO]: [SkinsRestorer]     Version: 15.6.0
[18:17:08] [Folia Async Scheduler Thread #1/INFO]: [SkinsRestorer]     Commit: dec2ffc
[18:17:08] [Folia Async Scheduler Thread #1/INFO]: [SkinsRestorer]     This is the latest version!
[18:17:08] [Folia Async Scheduler Thread #1/INFO]: [SkinsRestorer] ----------------------------------------------
[18:17:08] [Folia Async Scheduler Thread #1/INFO]: [SkinsRestorer] Do you have issues? Read our troubleshooting guide: https://skinsrestorer.net/docs/troubleshooting
[18:17:08] [Folia Async Scheduler Thread #1/INFO]: [SkinsRestorer] Want to support SkinsRestorer? Consider donating: https://skinsrestorer.net/donate
[18:17:08] [Server thread/INFO]: Using com.sk89q.worldedit.bukkit.adapter.impl.v1_20_R4.PaperweightAdapter as the Bukkit adapter
[18:17:09] [Server thread/WARN]: **** SERVER IS RUNNING IN OFFLINE/INSECURE MODE!
[18:17:09] [Server thread/WARN]: The server will make no attempt to authenticate usernames. Beware.
[18:17:09] [Server thread/WARN]: While this makes the game possible to play without internet access, it also opens up the ability for hackers to connect with any username they choose.
[18:17:09] [Server thread/WARN]: To change this, set "online-mode" to "true" in the server.properties file.
[18:17:09] [Server thread/INFO]: Preparing level "world"
[18:17:09] [Server thread/INFO]: -------- World Settings For [world] --------
[18:17:09] [Server thread/INFO]: View Distance: 10
[18:17:09] [Server thread/INFO]: Simulation Distance: 10
[18:17:09] [Server thread/INFO]: Item Merge Radius: 2.5
[18:17:09] [Server thread/INFO]: Experience Merge Radius: 3.0
[18:17:09] [Server thread/INFO]: Mob Spawn Range: 6
[18:17:09] [Server thread/INFO]: Item Despawn Rate: 6000
[18:17:09] [Server thread/INFO]: Arrow Despawn Rate: 1200 Trident Respawn Rate:1200
[18:17:09] [Server thread/INFO]: Zombie Aggressive Towards Villager: true
[18:17:09] [Server thread/INFO]: Nerfing mobs spawned from spawners: false
[18:17:09] [Server thread/INFO]: Allow Zombie Pigmen to spawn from portal blocks: true
[18:17:09] [Server thread/INFO]: Cactus Growth Modifier: 100%
[18:17:09] [Server thread/INFO]: Cane Growth Modifier: 100%
[18:17:09] [Server thread/INFO]: Melon Growth Modifier: 100%
[18:17:09] [Server thread/INFO]: Mushroom Growth Modifier: 100%
[18:17:09] [Server thread/INFO]: Pumpkin Growth Modifier: 100%
[18:17:09] [Server thread/INFO]: Sapling Growth Modifier: 100%
[18:17:09] [Server thread/INFO]: Beetroot Growth Modifier: 100%
[18:17:09] [Server thread/INFO]: Carrot Growth Modifier: 100%
[18:17:09] [Server thread/INFO]: Potato Growth Modifier: 100%
[18:17:09] [Server thread/INFO]: TorchFlower Growth Modifier: 100%
[18:17:09] [Server thread/INFO]: Wheat Growth Modifier: 100%
[18:17:09] [Server thread/INFO]: NetherWart Growth Modifier: 100%
[18:17:09] [Server thread/INFO]: Vine Growth Modifier: 100%
[18:17:09] [Server thread/INFO]: Cocoa Growth Modifier: 100%
[18:17:09] [Server thread/INFO]: Bamboo Growth Modifier: 100%
[18:17:09] [Server thread/INFO]: SweetBerry Growth Modifier: 100%
[18:17:09] [Server thread/INFO]: Kelp Growth Modifier: 100%
[18:17:09] [Server thread/INFO]: TwistingVines Growth Modifier: 100%
[18:17:09] [Server thread/INFO]: WeepingVines Growth Modifier: 100%
[18:17:09] [Server thread/INFO]: CaveVines Growth Modifier: 100%
[18:17:09] [Server thread/INFO]: GlowBerry Growth Modifier: 100%
[18:17:09] [Server thread/INFO]: PitcherPlant Growth Modifier: 100%
[18:17:09] [Server thread/INFO]: Entity Activation Range: An 32 / Mo 32 / Ra 48 / Mi 16 / Tiv true / Isa false
[18:17:09] [Server thread/INFO]: Entity Tracking Range: Pl 48 / An 48 / Mo 48 / Mi 32 / Di 128 / Other 64
[18:17:09] [Server thread/INFO]: Hopper Transfer: 8 Hopper Check: 1 Hopper Amount: 1 Hopper Can Load Chunks: false
[18:17:09] [Server thread/INFO]: Custom Map Seeds:  Village: 10387312 Desert: 14357617 Igloo: 14357618 Jungle: 14357619 Swamp: 14357620 Monument: 10387313 Ocean: 14357621 Shipwreck: 165745295 End City: 10387313 Slime: 987234911 Nether: 30084232 Mansion: 10387319 Fossil: 14357921 Portal: 34222645
[18:17:09] [Server thread/INFO]: Max TNT Explosions: 100
[18:17:09] [Server thread/INFO]: Tile Max Tick Time: 50ms Entity max Tick Time: 50ms
[18:17:10] [Server thread/INFO]: -------- World Settings For [world_nether] --------
[18:17:10] [Server thread/INFO]: View Distance: 10
[18:17:10] [Server thread/INFO]: Simulation Distance: 10
[18:17:10] [Server thread/INFO]: Item Merge Radius: 2.5
[18:17:10] [Server thread/INFO]: Experience Merge Radius: 3.0
[18:17:10] [Server thread/INFO]: Mob Spawn Range: 6
[18:17:10] [Server thread/INFO]: Item Despawn Rate: 6000
[18:17:10] [Server thread/INFO]: Arrow Despawn Rate: 1200 Trident Respawn Rate:1200
[18:17:10] [Server thread/INFO]: Zombie Aggressive Towards Villager: true
[18:17:10] [Server thread/INFO]: Nerfing mobs spawned from spawners: false
[18:17:10] [Server thread/INFO]: Allow Zombie Pigmen to spawn from portal blocks: true
[18:17:10] [Server thread/INFO]: Cactus Growth Modifier: 100%
[18:17:10] [Server thread/INFO]: Cane Growth Modifier: 100%
[18:17:10] [Server thread/INFO]: Melon Growth Modifier: 100%
[18:17:10] [Server thread/INFO]: Mushroom Growth Modifier: 100%
[18:17:10] [Server thread/INFO]: Pumpkin Growth Modifier: 100%
[18:17:10] [Server thread/INFO]: Sapling Growth Modifier: 100%
[18:17:10] [Server thread/INFO]: Beetroot Growth Modifier: 100%
[18:17:10] [Server thread/INFO]: Carrot Growth Modifier: 100%
[18:17:10] [Server thread/INFO]: Potato Growth Modifier: 100%
[18:17:10] [Server thread/INFO]: TorchFlower Growth Modifier: 100%
[18:17:10] [Server thread/INFO]: Wheat Growth Modifier: 100%
[18:17:10] [Server thread/INFO]: NetherWart Growth Modifier: 100%
[18:17:10] [Server thread/INFO]: Vine Growth Modifier: 100%
[18:17:10] [Server thread/INFO]: Cocoa Growth Modifier: 100%
[18:17:10] [Server thread/INFO]: Bamboo Growth Modifier: 100%
[18:17:10] [Server thread/INFO]: SweetBerry Growth Modifier: 100%
[18:17:10] [Server thread/INFO]: Kelp Growth Modifier: 100%
[18:17:10] [Server thread/INFO]: TwistingVines Growth Modifier: 100%
[18:17:10] [Server thread/INFO]: WeepingVines Growth Modifier: 100%
[18:17:10] [Server thread/INFO]: CaveVines Growth Modifier: 100%
[18:17:10] [Server thread/INFO]: GlowBerry Growth Modifier: 100%
[18:17:10] [Server thread/INFO]: PitcherPlant Growth Modifier: 100%
[18:17:10] [Server thread/INFO]: Entity Activation Range: An 32 / Mo 32 / Ra 48 / Mi 16 / Tiv true / Isa false
[18:17:10] [Server thread/INFO]: Entity Tracking Range: Pl 48 / An 48 / Mo 48 / Mi 32 / Di 128 / Other 64
[18:17:10] [Server thread/INFO]: Hopper Transfer: 8 Hopper Check: 1 Hopper Amount: 1 Hopper Can Load Chunks: false
[18:17:10] [Server thread/INFO]: Custom Map Seeds:  Village: 10387312 Desert: 14357617 Igloo: 14357618 Jungle: 14357619 Swamp: 14357620 Monument: 10387313 Ocean: 14357621 Shipwreck: 165745295 End City: 10387313 Slime: 987234911 Nether: 30084232 Mansion: 10387319 Fossil: 14357921 Portal: 34222645
[18:17:10] [Server thread/INFO]: Max TNT Explosions: 100
[18:17:10] [Server thread/INFO]: Tile Max Tick Time: 50ms Entity max Tick Time: 50ms
[18:17:10] [Server thread/INFO]: -------- World Settings For [world_the_end] --------
[18:17:10] [Server thread/INFO]: View Distance: 10
[18:17:10] [Server thread/INFO]: Simulation Distance: 10
[18:17:10] [Server thread/INFO]: Item Merge Radius: 2.5
[18:17:10] [Server thread/INFO]: Experience Merge Radius: 3.0
[18:17:10] [Server thread/INFO]: Mob Spawn Range: 6
[18:17:10] [Server thread/INFO]: Item Despawn Rate: 6000
[18:17:10] [Server thread/INFO]: Arrow Despawn Rate: 1200 Trident Respawn Rate:1200
[18:17:10] [Server thread/INFO]: Zombie Aggressive Towards Villager: true
[18:17:10] [Server thread/INFO]: Nerfing mobs spawned from spawners: false
[18:17:10] [Server thread/INFO]: Allow Zombie Pigmen to spawn from portal blocks: true
[18:17:10] [Server thread/INFO]: Cactus Growth Modifier: 100%
[18:17:10] [Server thread/INFO]: Cane Growth Modifier: 100%
[18:17:10] [Server thread/INFO]: Melon Growth Modifier: 100%
[18:17:10] [Server thread/INFO]: Mushroom Growth Modifier: 100%
[18:17:10] [Server thread/INFO]: Pumpkin Growth Modifier: 100%
[18:17:10] [Server thread/INFO]: Sapling Growth Modifier: 100%
[18:17:10] [Server thread/INFO]: Beetroot Growth Modifier: 100%
[18:17:10] [Server thread/INFO]: Carrot Growth Modifier: 100%
[18:17:10] [Server thread/INFO]: Potato Growth Modifier: 100%
[18:17:10] [Server thread/INFO]: TorchFlower Growth Modifier: 100%
[18:17:10] [Server thread/INFO]: Wheat Growth Modifier: 100%
[18:17:10] [Server thread/INFO]: NetherWart Growth Modifier: 100%
[18:17:10] [Server thread/INFO]: Vine Growth Modifier: 100%
[18:17:10] [Server thread/INFO]: Cocoa Growth Modifier: 100%
[18:17:10] [Server thread/INFO]: Bamboo Growth Modifier: 100%
[18:17:10] [Server thread/INFO]: SweetBerry Growth Modifier: 100%
[18:17:10] [Server thread/INFO]: Kelp Growth Modifier: 100%
[18:17:10] [Server thread/INFO]: TwistingVines Growth Modifier: 100%
[18:17:10] [Server thread/INFO]: WeepingVines Growth Modifier: 100%
[18:17:10] [Server thread/INFO]: CaveVines Growth Modifier: 100%
[18:17:10] [Server thread/INFO]: GlowBerry Growth Modifier: 100%
[18:17:10] [Server thread/INFO]: PitcherPlant Growth Modifier: 100%
[18:17:10] [Server thread/INFO]: Entity Activation Range: An 32 / Mo 32 / Ra 48 / Mi 16 / Tiv true / Isa false
[18:17:10] [Server thread/INFO]: Entity Tracking Range: Pl 48 / An 48 / Mo 48 / Mi 32 / Di 128 / Other 64
[18:17:10] [Server thread/INFO]: Hopper Transfer: 8 Hopper Check: 1 Hopper Amount: 1 Hopper Can Load Chunks: false
[18:17:10] [Server thread/INFO]: Custom Map Seeds:  Village: 10387312 Desert: 14357617 Igloo: 14357618 Jungle: 14357619 Swamp: 14357620 Monument: 10387313 Ocean: 14357621 Shipwreck: 165745295 End City: 10387313 Slime: 987234911 Nether: 30084232 Mansion: 10387319 Fossil: 14357921 Portal: 34222645
[18:17:10] [Server thread/INFO]: Max TNT Explosions: 100
[18:17:10] [Server thread/INFO]: Tile Max Tick Time: 50ms Entity max Tick Time: 50ms
[18:17:10] [Server thread/INFO]: Preparing start region for dimension minecraft:overworld
[18:17:10] [Server thread/INFO]: Time elapsed: 600 ms
[18:17:10] [Server thread/INFO]: Preparing start region for dimension minecraft:the_nether
[18:17:11] [Server thread/INFO]: Time elapsed: 256 ms
[18:17:11] [Server thread/INFO]: Preparing start region for dimension minecraft:the_end
[18:17:11] [Server thread/INFO]: Time elapsed: 51 ms
[18:17:11] [Server thread/INFO]: [PlaceholderAPI] Enabling PlaceholderAPI v2.11.6
[18:17:11] [Server thread/INFO]: [PlaceholderAPI] Fetching available expansion information...
[18:17:11] [Server thread/INFO]: [ViaVersion] Enabling ViaVersion v5.2.1
[18:17:11] [Server thread/INFO]: [ViaVersion] ViaVersion detected server version: 1.20.5-1.20.6 (766)
[18:17:11] [Server thread/INFO]: [Multiverse-Core] Enabling Multiverse-Core v4.3.14
[18:17:11] [Server thread/WARN]: [Multiverse-Core] "Multiverse-Core v4.3.14" has registered a listener for org.bukkit.event.entity.EntityCreatePortalEvent on method "public void com.onarandombox.MultiverseCore.listeners.MVPortalListener.entityPortalCreate(org.bukkit.event.entity.EntityCreatePortalEvent)", but the event is Deprecated. "Server performance will be affected"; please notify the authors [dumptruckman, Rigby, fernferret, lithium3141, main--].
[18:17:11] [Server thread/INFO]: [Multiverse-Core] §aWe are aware of the warning about the deprecated event. There is no alternative that allows us to do what we need to do and performance impact is negligible. It is safe to ignore.
[18:17:11] [Server thread/WARN]: [Multiverse-Core] Exception while loading value for environment
[18:17:11] [Server thread/WARN]: [Multiverse-Core] Exception while loading value for environment
[18:17:11] [Server thread/INFO]: -------- World Settings For [Plateau] --------
[18:17:11] [Server thread/INFO]: View Distance: 10
[18:17:11] [Server thread/INFO]: Simulation Distance: 10
[18:17:11] [Server thread/INFO]: Item Merge Radius: 2.5
[18:17:11] [Server thread/INFO]: Experience Merge Radius: 3.0
[18:17:11] [Server thread/INFO]: Mob Spawn Range: 6
[18:17:11] [Server thread/INFO]: Item Despawn Rate: 6000
[18:17:11] [Server thread/INFO]: Arrow Despawn Rate: 1200 Trident Respawn Rate:1200
[18:17:11] [Server thread/INFO]: Zombie Aggressive Towards Villager: true
[18:17:11] [Server thread/INFO]: Nerfing mobs spawned from spawners: false
[18:17:11] [Server thread/INFO]: Allow Zombie Pigmen to spawn from portal blocks: true
[18:17:11] [Server thread/INFO]: Cactus Growth Modifier: 100%
[18:17:11] [Server thread/INFO]: Cane Growth Modifier: 100%
[18:17:11] [Server thread/INFO]: Melon Growth Modifier: 100%
[18:17:11] [Server thread/INFO]: Mushroom Growth Modifier: 100%
[18:17:11] [Server thread/INFO]: Pumpkin Growth Modifier: 100%
[18:17:11] [Server thread/INFO]: Sapling Growth Modifier: 100%
[18:17:11] [Server thread/INFO]: Beetroot Growth Modifier: 100%
[18:17:11] [Server thread/INFO]: Carrot Growth Modifier: 100%
[18:17:11] [Server thread/INFO]: Potato Growth Modifier: 100%
[18:17:11] [Server thread/INFO]: TorchFlower Growth Modifier: 100%
[18:17:11] [Server thread/INFO]: Wheat Growth Modifier: 100%
[18:17:11] [Server thread/INFO]: NetherWart Growth Modifier: 100%
[18:17:11] [Server thread/INFO]: Vine Growth Modifier: 100%
[18:17:11] [Server thread/INFO]: Cocoa Growth Modifier: 100%
[18:17:11] [Server thread/INFO]: Bamboo Growth Modifier: 100%
[18:17:11] [Server thread/INFO]: SweetBerry Growth Modifier: 100%
[18:17:11] [Server thread/INFO]: Kelp Growth Modifier: 100%
[18:17:11] [Server thread/INFO]: TwistingVines Growth Modifier: 100%
[18:17:11] [Server thread/INFO]: WeepingVines Growth Modifier: 100%
[18:17:11] [Server thread/INFO]: CaveVines Growth Modifier: 100%
[18:17:11] [Server thread/INFO]: GlowBerry Growth Modifier: 100%
[18:17:11] [Server thread/INFO]: PitcherPlant Growth Modifier: 100%
[18:17:11] [Server thread/INFO]: Entity Activation Range: An 32 / Mo 32 / Ra 48 / Mi 16 / Tiv true / Isa false
[18:17:11] [Server thread/INFO]: Entity Tracking Range: Pl 48 / An 48 / Mo 48 / Mi 32 / Di 128 / Other 64
[18:17:11] [Server thread/INFO]: Hopper Transfer: 8 Hopper Check: 1 Hopper Amount: 1 Hopper Can Load Chunks: false
[18:17:11] [Server thread/INFO]: Custom Map Seeds:  Village: 10387312 Desert: 14357617 Igloo: 14357618 Jungle: 14357619 Swamp: 14357620 Monument: 10387313 Ocean: 14357621 Shipwreck: 165745295 End City: 10387313 Slime: 987234911 Nether: 30084232 Mansion: 10387319 Fossil: 14357921 Portal: 34222645
[18:17:11] [Server thread/INFO]: Max TNT Explosions: 100
[18:17:11] [Server thread/INFO]: Tile Max Tick Time: 50ms Entity max Tick Time: 50ms
[18:17:11] [Server thread/INFO]: Preparing start region for dimension minecraft:plateau
[18:17:11] [Server thread/INFO]: Time elapsed: 173 ms
[18:17:11] [Server thread/INFO]: -------- World Settings For [KohLanta_Autre_Monde] --------
[18:17:11] [Server thread/INFO]: View Distance: 10
[18:17:11] [Server thread/INFO]: Simulation Distance: 10
[18:17:11] [Server thread/INFO]: Item Merge Radius: 2.5
[18:17:11] [Server thread/INFO]: Experience Merge Radius: 3.0
[18:17:11] [Server thread/INFO]: Mob Spawn Range: 6
[18:17:11] [Server thread/INFO]: Item Despawn Rate: 6000
[18:17:11] [Server thread/INFO]: Arrow Despawn Rate: 1200 Trident Respawn Rate:1200
[18:17:11] [Server thread/INFO]: Zombie Aggressive Towards Villager: true
[18:17:11] [Server thread/INFO]: Nerfing mobs spawned from spawners: false
[18:17:11] [Server thread/INFO]: Allow Zombie Pigmen to spawn from portal blocks: true
[18:17:11] [Server thread/INFO]: Cactus Growth Modifier: 100%
[18:17:11] [Server thread/INFO]: Cane Growth Modifier: 100%
[18:17:11] [Server thread/INFO]: Melon Growth Modifier: 100%
[18:17:11] [Server thread/INFO]: Mushroom Growth Modifier: 100%
[18:17:11] [Server thread/INFO]: Pumpkin Growth Modifier: 100%
[18:17:11] [Server thread/INFO]: Sapling Growth Modifier: 100%
[18:17:11] [Server thread/INFO]: Beetroot Growth Modifier: 100%
[18:17:11] [Server thread/INFO]: Carrot Growth Modifier: 100%
[18:17:11] [Server thread/INFO]: Potato Growth Modifier: 100%
[18:17:11] [Server thread/INFO]: TorchFlower Growth Modifier: 100%
[18:17:11] [Server thread/INFO]: Wheat Growth Modifier: 100%
[18:17:11] [Server thread/INFO]: NetherWart Growth Modifier: 100%
[18:17:11] [Server thread/INFO]: Vine Growth Modifier: 100%
[18:17:11] [Server thread/INFO]: Cocoa Growth Modifier: 100%
[18:17:11] [Server thread/INFO]: Bamboo Growth Modifier: 100%
[18:17:11] [Server thread/INFO]: SweetBerry Growth Modifier: 100%
[18:17:11] [Server thread/INFO]: Kelp Growth Modifier: 100%
[18:17:11] [Server thread/INFO]: TwistingVines Growth Modifier: 100%
[18:17:11] [Server thread/INFO]: WeepingVines Growth Modifier: 100%
[18:17:11] [Server thread/INFO]: CaveVines Growth Modifier: 100%
[18:17:11] [Server thread/INFO]: GlowBerry Growth Modifier: 100%
[18:17:11] [Server thread/INFO]: PitcherPlant Growth Modifier: 100%
[18:17:11] [Server thread/INFO]: Entity Activation Range: An 32 / Mo 32 / Ra 48 / Mi 16 / Tiv true / Isa false
[18:17:11] [Server thread/INFO]: Entity Tracking Range: Pl 48 / An 48 / Mo 48 / Mi 32 / Di 128 / Other 64
[18:17:11] [Server thread/INFO]: Hopper Transfer: 8 Hopper Check: 1 Hopper Amount: 1 Hopper Can Load Chunks: false
[18:17:11] [Server thread/INFO]: Custom Map Seeds:  Village: 10387312 Desert: 14357617 Igloo: 14357618 Jungle: 14357619 Swamp: 14357620 Monument: 10387313 Ocean: 14357621 Shipwreck: 165745295 End City: 10387313 Slime: 987234911 Nether: 30084232 Mansion: 10387319 Fossil: 14357921 Portal: 34222645
[18:17:11] [Server thread/INFO]: Max TNT Explosions: 100
[18:17:11] [Server thread/INFO]: Tile Max Tick Time: 50ms Entity max Tick Time: 50ms
[18:17:11] [Server thread/INFO]: Preparing start region for dimension minecraft:kohlanta_autre_monde
[18:17:11] [Server thread/INFO]: Time elapsed: 132 ms
[18:17:11] [Server thread/WARN]: [Multiverse-Core] WorldManager: Can't load this world because the folder was deleted/moved: KHIles2
[18:17:11] [Server thread/WARN]: [Multiverse-Core] Use '/mv remove' to remove it from the config!
[18:17:11] [Server thread/INFO]: -------- World Settings For [Gab] --------
[18:17:11] [Server thread/INFO]: View Distance: 10
[18:17:11] [Server thread/INFO]: Simulation Distance: 10
[18:17:11] [Server thread/INFO]: Item Merge Radius: 2.5
[18:17:11] [Server thread/INFO]: Experience Merge Radius: 3.0
[18:17:11] [Server thread/INFO]: Mob Spawn Range: 6
[18:17:11] [Server thread/INFO]: Item Despawn Rate: 6000
[18:17:11] [Server thread/INFO]: Arrow Despawn Rate: 1200 Trident Respawn Rate:1200
[18:17:11] [Server thread/INFO]: Zombie Aggressive Towards Villager: true
[18:17:11] [Server thread/INFO]: Nerfing mobs spawned from spawners: false
[18:17:11] [Server thread/INFO]: Allow Zombie Pigmen to spawn from portal blocks: true
[18:17:11] [Server thread/INFO]: Cactus Growth Modifier: 100%
[18:17:11] [Server thread/INFO]: Cane Growth Modifier: 100%
[18:17:11] [Server thread/INFO]: Melon Growth Modifier: 100%
[18:17:11] [Server thread/INFO]: Mushroom Growth Modifier: 100%
[18:17:11] [Server thread/INFO]: Pumpkin Growth Modifier: 100%
[18:17:11] [Server thread/INFO]: Sapling Growth Modifier: 100%
[18:17:11] [Server thread/INFO]: Beetroot Growth Modifier: 100%
[18:17:11] [Server thread/INFO]: Carrot Growth Modifier: 100%
[18:17:11] [Server thread/INFO]: Potato Growth Modifier: 100%
[18:17:11] [Server thread/INFO]: TorchFlower Growth Modifier: 100%
[18:17:11] [Server thread/INFO]: Wheat Growth Modifier: 100%
[18:17:11] [Server thread/INFO]: NetherWart Growth Modifier: 100%
[18:17:11] [Server thread/INFO]: Vine Growth Modifier: 100%
[18:17:11] [Server thread/INFO]: Cocoa Growth Modifier: 100%
[18:17:11] [Server thread/INFO]: Bamboo Growth Modifier: 100%
[18:17:11] [Server thread/INFO]: SweetBerry Growth Modifier: 100%
[18:17:11] [Server thread/INFO]: Kelp Growth Modifier: 100%
[18:17:11] [Server thread/INFO]: TwistingVines Growth Modifier: 100%
[18:17:11] [Server thread/INFO]: WeepingVines Growth Modifier: 100%
[18:17:11] [Server thread/INFO]: CaveVines Growth Modifier: 100%
[18:17:11] [Server thread/INFO]: GlowBerry Growth Modifier: 100%
[18:17:11] [Server thread/INFO]: PitcherPlant Growth Modifier: 100%
[18:17:11] [Server thread/INFO]: Entity Activation Range: An 32 / Mo 32 / Ra 48 / Mi 16 / Tiv true / Isa false
[18:17:11] [Server thread/INFO]: Entity Tracking Range: Pl 48 / An 48 / Mo 48 / Mi 32 / Di 128 / Other 64
[18:17:11] [Server thread/INFO]: Hopper Transfer: 8 Hopper Check: 1 Hopper Amount: 1 Hopper Can Load Chunks: false
[18:17:11] [Server thread/INFO]: Custom Map Seeds:  Village: 10387312 Desert: 14357617 Igloo: 14357618 Jungle: 14357619 Swamp: 14357620 Monument: 10387313 Ocean: 14357621 Shipwreck: 165745295 End City: 10387313 Slime: 987234911 Nether: 30084232 Mansion: 10387319 Fossil: 14357921 Portal: 34222645
[18:17:11] [Server thread/INFO]: Max TNT Explosions: 100
[18:17:11] [Server thread/INFO]: Tile Max Tick Time: 50ms Entity max Tick Time: 50ms
[18:17:12] [Server thread/INFO]: Preparing start region for dimension minecraft:gab
[18:17:12] [Server thread/INFO]: Time elapsed: 139 ms
[18:17:12] [Server thread/INFO]: -------- World Settings For [PVP3] --------
[18:17:12] [Server thread/INFO]: View Distance: 10
[18:17:12] [Server thread/INFO]: Simulation Distance: 10
[18:17:12] [Server thread/INFO]: Item Merge Radius: 2.5
[18:17:12] [Server thread/INFO]: Experience Merge Radius: 3.0
[18:17:12] [Server thread/INFO]: Mob Spawn Range: 6
[18:17:12] [Server thread/INFO]: Item Despawn Rate: 6000
[18:17:12] [Server thread/INFO]: Arrow Despawn Rate: 1200 Trident Respawn Rate:1200
[18:17:12] [Server thread/INFO]: Zombie Aggressive Towards Villager: true
[18:17:12] [Server thread/INFO]: Nerfing mobs spawned from spawners: false
[18:17:12] [Server thread/INFO]: Allow Zombie Pigmen to spawn from portal blocks: true
[18:17:12] [Server thread/INFO]: Cactus Growth Modifier: 100%
[18:17:12] [Server thread/INFO]: Cane Growth Modifier: 100%
[18:17:12] [Server thread/INFO]: Melon Growth Modifier: 100%
[18:17:12] [Server thread/INFO]: Mushroom Growth Modifier: 100%
[18:17:12] [Server thread/INFO]: Pumpkin Growth Modifier: 100%
[18:17:12] [Server thread/INFO]: Sapling Growth Modifier: 100%
[18:17:12] [Server thread/INFO]: Beetroot Growth Modifier: 100%
[18:17:12] [Server thread/INFO]: Carrot Growth Modifier: 100%
[18:17:12] [Server thread/INFO]: Potato Growth Modifier: 100%
[18:17:12] [Server thread/INFO]: TorchFlower Growth Modifier: 100%
[18:17:12] [Server thread/INFO]: Wheat Growth Modifier: 100%
[18:17:12] [Server thread/INFO]: NetherWart Growth Modifier: 100%
[18:17:12] [Server thread/INFO]: Vine Growth Modifier: 100%
[18:17:12] [Server thread/INFO]: Cocoa Growth Modifier: 100%
[18:17:12] [Server thread/INFO]: Bamboo Growth Modifier: 100%
[18:17:12] [Server thread/INFO]: SweetBerry Growth Modifier: 100%
[18:17:12] [Server thread/INFO]: Kelp Growth Modifier: 100%
[18:17:12] [Server thread/INFO]: TwistingVines Growth Modifier: 100%
[18:17:12] [Server thread/INFO]: WeepingVines Growth Modifier: 100%
[18:17:12] [Server thread/INFO]: CaveVines Growth Modifier: 100%
[18:17:12] [Server thread/INFO]: GlowBerry Growth Modifier: 100%
[18:17:12] [Server thread/INFO]: PitcherPlant Growth Modifier: 100%
[18:17:12] [Server thread/INFO]: Entity Activation Range: An 32 / Mo 32 / Ra 48 / Mi 16 / Tiv true / Isa false
[18:17:12] [Server thread/INFO]: Entity Tracking Range: Pl 48 / An 48 / Mo 48 / Mi 32 / Di 128 / Other 64
[18:17:12] [Server thread/INFO]: Hopper Transfer: 8 Hopper Check: 1 Hopper Amount: 1 Hopper Can Load Chunks: false
[18:17:12] [Server thread/INFO]: Custom Map Seeds:  Village: 10387312 Desert: 14357617 Igloo: 14357618 Jungle: 14357619 Swamp: 14357620 Monument: 10387313 Ocean: 14357621 Shipwreck: 165745295 End City: 10387313 Slime: 987234911 Nether: 30084232 Mansion: 10387319 Fossil: 14357921 Portal: 34222645
[18:17:12] [Server thread/INFO]: Max TNT Explosions: 100
[18:17:12] [Server thread/INFO]: Tile Max Tick Time: 50ms Entity max Tick Time: 50ms
[18:17:12] [Server thread/INFO]: Preparing start region for dimension minecraft:pvp3
[18:17:12] [Server thread/INFO]: Time elapsed: 54 ms
[18:17:12] [Server thread/INFO]: -------- World Settings For [PVP2] --------
[18:17:12] [Server thread/INFO]: View Distance: 10
[18:17:12] [Server thread/INFO]: Simulation Distance: 10
[18:17:12] [Server thread/INFO]: Item Merge Radius: 2.5
[18:17:12] [Server thread/INFO]: Experience Merge Radius: 3.0
[18:17:12] [Server thread/INFO]: Mob Spawn Range: 6
[18:17:12] [Server thread/INFO]: Item Despawn Rate: 6000
[18:17:12] [Server thread/INFO]: Arrow Despawn Rate: 1200 Trident Respawn Rate:1200
[18:17:12] [Server thread/INFO]: Zombie Aggressive Towards Villager: true
[18:17:12] [Server thread/INFO]: Nerfing mobs spawned from spawners: false
[18:17:12] [Server thread/INFO]: Allow Zombie Pigmen to spawn from portal blocks: true
[18:17:12] [Server thread/INFO]: Cactus Growth Modifier: 100%
[18:17:12] [Server thread/INFO]: Cane Growth Modifier: 100%
[18:17:12] [Server thread/INFO]: Melon Growth Modifier: 100%
[18:17:12] [Server thread/INFO]: Mushroom Growth Modifier: 100%
[18:17:12] [Server thread/INFO]: Pumpkin Growth Modifier: 100%
[18:17:12] [Server thread/INFO]: Sapling Growth Modifier: 100%
[18:17:12] [Server thread/INFO]: Beetroot Growth Modifier: 100%
[18:17:12] [Server thread/INFO]: Carrot Growth Modifier: 100%
[18:17:12] [Server thread/INFO]: Potato Growth Modifier: 100%
[18:17:12] [Server thread/INFO]: TorchFlower Growth Modifier: 100%
[18:17:12] [Server thread/INFO]: Wheat Growth Modifier: 100%
[18:17:12] [Server thread/INFO]: NetherWart Growth Modifier: 100%
[18:17:12] [Server thread/INFO]: Vine Growth Modifier: 100%
[18:17:12] [Server thread/INFO]: Cocoa Growth Modifier: 100%
[18:17:12] [Server thread/INFO]: Bamboo Growth Modifier: 100%
[18:17:12] [Server thread/INFO]: SweetBerry Growth Modifier: 100%
[18:17:12] [Server thread/INFO]: Kelp Growth Modifier: 100%
[18:17:12] [Server thread/INFO]: TwistingVines Growth Modifier: 100%
[18:17:12] [Server thread/INFO]: WeepingVines Growth Modifier: 100%
[18:17:12] [Server thread/INFO]: CaveVines Growth Modifier: 100%
[18:17:12] [Server thread/INFO]: GlowBerry Growth Modifier: 100%
[18:17:12] [Server thread/INFO]: PitcherPlant Growth Modifier: 100%
[18:17:12] [Server thread/INFO]: Entity Activation Range: An 32 / Mo 32 / Ra 48 / Mi 16 / Tiv true / Isa false
[18:17:12] [Server thread/INFO]: Entity Tracking Range: Pl 48 / An 48 / Mo 48 / Mi 32 / Di 128 / Other 64
[18:17:12] [Server thread/INFO]: Hopper Transfer: 8 Hopper Check: 1 Hopper Amount: 1 Hopper Can Load Chunks: false
[18:17:12] [Server thread/INFO]: Custom Map Seeds:  Village: 10387312 Desert: 14357617 Igloo: 14357618 Jungle: 14357619 Swamp: 14357620 Monument: 10387313 Ocean: 14357621 Shipwreck: 165745295 End City: 10387313 Slime: 987234911 Nether: 30084232 Mansion: 10387319 Fossil: 14357921 Portal: 34222645
[18:17:12] [Server thread/INFO]: Max TNT Explosions: 100
[18:17:12] [Server thread/INFO]: Tile Max Tick Time: 50ms Entity max Tick Time: 50ms
[18:17:12] [Server thread/INFO]: Preparing start region for dimension minecraft:pvp2
[18:17:12] [Server thread/INFO]: Time elapsed: 96 ms
[18:17:12] [Server thread/INFO]: -------- World Settings For [Lobby] --------
[18:17:12] [Server thread/INFO]: View Distance: 10
[18:17:12] [Server thread/INFO]: Simulation Distance: 10
[18:17:12] [Server thread/INFO]: Item Merge Radius: 2.5
[18:17:12] [Server thread/INFO]: Experience Merge Radius: 3.0
[18:17:12] [Server thread/INFO]: Mob Spawn Range: 6
[18:17:12] [Server thread/INFO]: Item Despawn Rate: 6000
[18:17:12] [Server thread/INFO]: Arrow Despawn Rate: 1200 Trident Respawn Rate:1200
[18:17:12] [Server thread/INFO]: Zombie Aggressive Towards Villager: true
[18:17:12] [Server thread/INFO]: Nerfing mobs spawned from spawners: false
[18:17:12] [Server thread/INFO]: Allow Zombie Pigmen to spawn from portal blocks: true
[18:17:12] [Server thread/INFO]: Cactus Growth Modifier: 100%
[18:17:12] [Server thread/INFO]: Cane Growth Modifier: 100%
[18:17:12] [Server thread/INFO]: Melon Growth Modifier: 100%
[18:17:12] [Server thread/INFO]: Mushroom Growth Modifier: 100%
[18:17:12] [Server thread/INFO]: Pumpkin Growth Modifier: 100%
[18:17:12] [Server thread/INFO]: Sapling Growth Modifier: 100%
[18:17:12] [Server thread/INFO]: Beetroot Growth Modifier: 100%
[18:17:12] [Server thread/INFO]: Carrot Growth Modifier: 100%
[18:17:12] [Server thread/INFO]: Potato Growth Modifier: 100%
[18:17:12] [Server thread/INFO]: TorchFlower Growth Modifier: 100%
[18:17:12] [Server thread/INFO]: Wheat Growth Modifier: 100%
[18:17:12] [Server thread/INFO]: NetherWart Growth Modifier: 100%
[18:17:12] [Server thread/INFO]: Vine Growth Modifier: 100%
[18:17:12] [Server thread/INFO]: Cocoa Growth Modifier: 100%
[18:17:12] [Server thread/INFO]: Bamboo Growth Modifier: 100%
[18:17:12] [Server thread/INFO]: SweetBerry Growth Modifier: 100%
[18:17:12] [Server thread/INFO]: Kelp Growth Modifier: 100%
[18:17:12] [Server thread/INFO]: TwistingVines Growth Modifier: 100%
[18:17:12] [Server thread/INFO]: WeepingVines Growth Modifier: 100%
[18:17:12] [Server thread/INFO]: CaveVines Growth Modifier: 100%
[18:17:12] [Server thread/INFO]: GlowBerry Growth Modifier: 100%
[18:17:12] [Server thread/INFO]: PitcherPlant Growth Modifier: 100%
[18:17:12] [Server thread/INFO]: Entity Activation Range: An 32 / Mo 32 / Ra 48 / Mi 16 / Tiv true / Isa false
[18:17:12] [Server thread/INFO]: Entity Tracking Range: Pl 48 / An 48 / Mo 48 / Mi 32 / Di 128 / Other 64
[18:17:12] [Server thread/INFO]: Hopper Transfer: 8 Hopper Check: 1 Hopper Amount: 1 Hopper Can Load Chunks: false
[18:17:12] [Server thread/INFO]: Custom Map Seeds:  Village: 10387312 Desert: 14357617 Igloo: 14357618 Jungle: 14357619 Swamp: 14357620 Monument: 10387313 Ocean: 14357621 Shipwreck: 165745295 End City: 10387313 Slime: 987234911 Nether: 30084232 Mansion: 10387319 Fossil: 14357921 Portal: 34222645
[18:17:12] [Server thread/INFO]: Max TNT Explosions: 100
[18:17:12] [Server thread/INFO]: Tile Max Tick Time: 50ms Entity max Tick Time: 50ms
[18:17:12] [Server thread/INFO]: Preparing start region for dimension minecraft:lobby
[18:17:12] [Server thread/INFO]: Time elapsed: 21 ms
[18:17:12] [Server thread/INFO]: -------- World Settings For [Ninja_Warrior] --------
[18:17:12] [Server thread/INFO]: View Distance: 10
[18:17:12] [Server thread/INFO]: Simulation Distance: 10
[18:17:12] [Server thread/INFO]: Item Merge Radius: 2.5
[18:17:12] [Server thread/INFO]: Experience Merge Radius: 3.0
[18:17:12] [Server thread/INFO]: Mob Spawn Range: 6
[18:17:12] [Server thread/INFO]: Item Despawn Rate: 6000
[18:17:12] [Server thread/INFO]: Arrow Despawn Rate: 1200 Trident Respawn Rate:1200
[18:17:12] [Server thread/INFO]: Zombie Aggressive Towards Villager: true
[18:17:12] [Server thread/INFO]: Nerfing mobs spawned from spawners: false
[18:17:12] [Server thread/INFO]: Allow Zombie Pigmen to spawn from portal blocks: true
[18:17:12] [Server thread/INFO]: Cactus Growth Modifier: 100%
[18:17:12] [Server thread/INFO]: Cane Growth Modifier: 100%
[18:17:12] [Server thread/INFO]: Melon Growth Modifier: 100%
[18:17:12] [Server thread/INFO]: Mushroom Growth Modifier: 100%
[18:17:12] [Server thread/INFO]: Pumpkin Growth Modifier: 100%
[18:17:12] [Server thread/INFO]: Sapling Growth Modifier: 100%
[18:17:12] [Server thread/INFO]: Beetroot Growth Modifier: 100%
[18:17:12] [Server thread/INFO]: Carrot Growth Modifier: 100%
[18:17:12] [Server thread/INFO]: Potato Growth Modifier: 100%
[18:17:12] [Server thread/INFO]: TorchFlower Growth Modifier: 100%
[18:17:12] [Server thread/INFO]: Wheat Growth Modifier: 100%
[18:17:12] [Server thread/INFO]: NetherWart Growth Modifier: 100%
[18:17:12] [Server thread/INFO]: Vine Growth Modifier: 100%
[18:17:12] [Server thread/INFO]: Cocoa Growth Modifier: 100%
[18:17:12] [Server thread/INFO]: Bamboo Growth Modifier: 100%
[18:17:12] [Server thread/INFO]: SweetBerry Growth Modifier: 100%
[18:17:12] [Server thread/INFO]: Kelp Growth Modifier: 100%
[18:17:12] [Server thread/INFO]: TwistingVines Growth Modifier: 100%
[18:17:12] [Server thread/INFO]: WeepingVines Growth Modifier: 100%
[18:17:12] [Server thread/INFO]: CaveVines Growth Modifier: 100%
[18:17:12] [Server thread/INFO]: GlowBerry Growth Modifier: 100%
[18:17:12] [Server thread/INFO]: PitcherPlant Growth Modifier: 100%
[18:17:12] [Server thread/INFO]: Entity Activation Range: An 32 / Mo 32 / Ra 48 / Mi 16 / Tiv true / Isa false
[18:17:12] [Server thread/INFO]: Entity Tracking Range: Pl 48 / An 48 / Mo 48 / Mi 32 / Di 128 / Other 64
[18:17:12] [Server thread/INFO]: Hopper Transfer: 8 Hopper Check: 1 Hopper Amount: 1 Hopper Can Load Chunks: false
[18:17:12] [Server thread/INFO]: Custom Map Seeds:  Village: 10387312 Desert: 14357617 Igloo: 14357618 Jungle: 14357619 Swamp: 14357620 Monument: 10387313 Ocean: 14357621 Shipwreck: 165745295 End City: 10387313 Slime: 987234911 Nether: 30084232 Mansion: 10387319 Fossil: 14357921 Portal: 34222645
[18:17:12] [Server thread/INFO]: Max TNT Explosions: 100
[18:17:12] [Server thread/INFO]: Tile Max Tick Time: 50ms Entity max Tick Time: 50ms
[18:17:12] [Server thread/INFO]: Preparing start region for dimension minecraft:ninja_warrior
[18:17:12] [Server thread/INFO]: Time elapsed: 27 ms
[18:17:12] [Server thread/INFO]: -------- World Settings For [ThePlatform] --------
[18:17:12] [Server thread/INFO]: View Distance: 10
[18:17:12] [Server thread/INFO]: Simulation Distance: 10
[18:17:12] [Server thread/INFO]: Item Merge Radius: 2.5
[18:17:12] [Server thread/INFO]: Experience Merge Radius: 3.0
[18:17:12] [Server thread/INFO]: Mob Spawn Range: 6
[18:17:12] [Server thread/INFO]: Item Despawn Rate: 6000
[18:17:12] [Server thread/INFO]: Arrow Despawn Rate: 1200 Trident Respawn Rate:1200
[18:17:12] [Server thread/INFO]: Zombie Aggressive Towards Villager: true
[18:17:12] [Server thread/INFO]: Nerfing mobs spawned from spawners: false
[18:17:12] [Server thread/INFO]: Allow Zombie Pigmen to spawn from portal blocks: true
[18:17:12] [Server thread/INFO]: Cactus Growth Modifier: 100%
[18:17:12] [Server thread/INFO]: Cane Growth Modifier: 100%
[18:17:12] [Server thread/INFO]: Melon Growth Modifier: 100%
[18:17:12] [Server thread/INFO]: Mushroom Growth Modifier: 100%
[18:17:12] [Server thread/INFO]: Pumpkin Growth Modifier: 100%
[18:17:12] [Server thread/INFO]: Sapling Growth Modifier: 100%
[18:17:12] [Server thread/INFO]: Beetroot Growth Modifier: 100%
[18:17:12] [Server thread/INFO]: Carrot Growth Modifier: 100%
[18:17:12] [Server thread/INFO]: Potato Growth Modifier: 100%
[18:17:12] [Server thread/INFO]: TorchFlower Growth Modifier: 100%
[18:17:12] [Server thread/INFO]: Wheat Growth Modifier: 100%
[18:17:12] [Server thread/INFO]: NetherWart Growth Modifier: 100%
[18:17:12] [Server thread/INFO]: Vine Growth Modifier: 100%
[18:17:12] [Server thread/INFO]: Cocoa Growth Modifier: 100%
[18:17:12] [Server thread/INFO]: Bamboo Growth Modifier: 100%
[18:17:12] [Server thread/INFO]: SweetBerry Growth Modifier: 100%
[18:17:12] [Server thread/INFO]: Kelp Growth Modifier: 100%
[18:17:12] [Server thread/INFO]: TwistingVines Growth Modifier: 100%
[18:17:12] [Server thread/INFO]: WeepingVines Growth Modifier: 100%
[18:17:12] [Server thread/INFO]: CaveVines Growth Modifier: 100%
[18:17:12] [Server thread/INFO]: GlowBerry Growth Modifier: 100%
[18:17:12] [Server thread/INFO]: PitcherPlant Growth Modifier: 100%
[18:17:12] [Server thread/INFO]: Entity Activation Range: An 32 / Mo 32 / Ra 48 / Mi 16 / Tiv true / Isa false
[18:17:12] [Server thread/INFO]: Entity Tracking Range: Pl 48 / An 48 / Mo 48 / Mi 32 / Di 128 / Other 64
[18:17:12] [Server thread/INFO]: Hopper Transfer: 8 Hopper Check: 1 Hopper Amount: 1 Hopper Can Load Chunks: false
[18:17:12] [Server thread/INFO]: Custom Map Seeds:  Village: 10387312 Desert: 14357617 Igloo: 14357618 Jungle: 14357619 Swamp: 14357620 Monument: 10387313 Ocean: 14357621 Shipwreck: 165745295 End City: 10387313 Slime: 987234911 Nether: 30084232 Mansion: 10387319 Fossil: 14357921 Portal: 34222645
[18:17:12] [Server thread/INFO]: Max TNT Explosions: 100
[18:17:12] [Server thread/INFO]: Tile Max Tick Time: 50ms Entity max Tick Time: 50ms
[18:17:12] [Server thread/INFO]: Preparing start region for dimension minecraft:theplatform
[18:17:12] [Server thread/INFO]: Time elapsed: 20 ms
[18:17:12] [Server thread/INFO]: -------- World Settings For [FallenKingdom] --------
[18:17:12] [Server thread/INFO]: View Distance: 10
[18:17:12] [Server thread/INFO]: Simulation Distance: 10
[18:17:12] [Server thread/INFO]: Item Merge Radius: 2.5
[18:17:12] [Server thread/INFO]: Experience Merge Radius: 3.0
[18:17:12] [Server thread/INFO]: Mob Spawn Range: 6
[18:17:12] [Server thread/INFO]: Item Despawn Rate: 6000
[18:17:12] [Server thread/INFO]: Arrow Despawn Rate: 1200 Trident Respawn Rate:1200
[18:17:12] [Server thread/INFO]: Zombie Aggressive Towards Villager: true
[18:17:12] [Server thread/INFO]: Nerfing mobs spawned from spawners: false
[18:17:12] [Server thread/INFO]: Allow Zombie Pigmen to spawn from portal blocks: true
[18:17:12] [Server thread/INFO]: Cactus Growth Modifier: 100%
[18:17:12] [Server thread/INFO]: Cane Growth Modifier: 100%
[18:17:12] [Server thread/INFO]: Melon Growth Modifier: 100%
[18:17:12] [Server thread/INFO]: Mushroom Growth Modifier: 100%
[18:17:12] [Server thread/INFO]: Pumpkin Growth Modifier: 100%
[18:17:12] [Server thread/INFO]: Sapling Growth Modifier: 100%
[18:17:12] [Server thread/INFO]: Beetroot Growth Modifier: 100%
[18:17:12] [Server thread/INFO]: Carrot Growth Modifier: 100%
[18:17:12] [Server thread/INFO]: Potato Growth Modifier: 100%
[18:17:12] [Server thread/INFO]: TorchFlower Growth Modifier: 100%
[18:17:12] [Server thread/INFO]: Wheat Growth Modifier: 100%
[18:17:12] [Server thread/INFO]: NetherWart Growth Modifier: 100%
[18:17:12] [Server thread/INFO]: Vine Growth Modifier: 100%
[18:17:12] [Server thread/INFO]: Cocoa Growth Modifier: 100%
[18:17:12] [Server thread/INFO]: Bamboo Growth Modifier: 100%
[18:17:12] [Server thread/INFO]: SweetBerry Growth Modifier: 100%
[18:17:12] [Server thread/INFO]: Kelp Growth Modifier: 100%
[18:17:12] [Server thread/INFO]: TwistingVines Growth Modifier: 100%
[18:17:12] [Server thread/INFO]: WeepingVines Growth Modifier: 100%
[18:17:12] [Server thread/INFO]: CaveVines Growth Modifier: 100%
[18:17:12] [Server thread/INFO]: GlowBerry Growth Modifier: 100%
[18:17:12] [Server thread/INFO]: PitcherPlant Growth Modifier: 100%
[18:17:12] [Server thread/INFO]: Entity Activation Range: An 32 / Mo 32 / Ra 48 / Mi 16 / Tiv true / Isa false
[18:17:12] [Server thread/INFO]: Entity Tracking Range: Pl 48 / An 48 / Mo 48 / Mi 32 / Di 128 / Other 64
[18:17:12] [Server thread/INFO]: Hopper Transfer: 8 Hopper Check: 1 Hopper Amount: 1 Hopper Can Load Chunks: false
[18:17:12] [Server thread/INFO]: Custom Map Seeds:  Village: 10387312 Desert: 14357617 Igloo: 14357618 Jungle: 14357619 Swamp: 14357620 Monument: 10387313 Ocean: 14357621 Shipwreck: 165745295 End City: 10387313 Slime: 987234911 Nether: 30084232 Mansion: 10387319 Fossil: 14357921 Portal: 34222645
[18:17:12] [Server thread/INFO]: Max TNT Explosions: 100
[18:17:12] [Server thread/INFO]: Tile Max Tick Time: 50ms Entity max Tick Time: 50ms
[18:17:12] [Server thread/INFO]: Preparing start region for dimension minecraft:fallenkingdom
[18:17:12] [Server thread/INFO]: Time elapsed: 24 ms
[18:17:12] [Server thread/INFO]: [Multiverse-Core] 12 - World(s) loaded.
[18:17:12] [Server thread/WARN]: [Multiverse-Core] Buscript failed to load! The script command will be disabled! If you would like not to see this message, use `/mv conf enablebuscript false` to disable Buscript from loading.
[18:17:12] [Server thread/INFO]: [Multiverse-Core] Version 4.3.14 (API v24) Enabled - By dumptruckman, Rigby, fernferret, lithium3141 and main--
[18:17:12] [Server thread/INFO]: [DecentHolograms] Enabling DecentHolograms v2.8.14
[18:17:12] [Server thread/INFO]: [NBTAPI] [NBTAPI] Found Minecraft: 1.20.6! Trying to find NMS support
[18:17:12] [Server thread/INFO]: [NBTAPI] [NBTAPI] NMS support 'MC1_20_R4' loaded!
[18:17:12] [Server thread/INFO]: [NBTAPI] [NBTAPI] Using the plugin 'DecentHolograms' to create a bStats instance!
[18:17:12] [Server thread/INFO]: [Skript] Enabling Skript v2.10.1
[18:17:13] [ForkJoinPool.commonPool-worker-1/INFO]: [Skript] Une nouvelle version de Skript est disponible : 2.10.2 (vous utilisez actuellement 2.10.1)
[18:17:13] [ForkJoinPool.commonPool-worker-1/INFO]: Download it at: https://github.com/SkriptLang/Skript/releases/download/2.10.2/Skript-2.10.2.jar
[18:17:14] [Server thread/INFO]: [Skript]  ~ créé par & © Peter Güttinger alias Njol ~
[18:17:14] [Server thread/INFO]: [Citizens] Enabling Citizens v2.0.35-SNAPSHOT (build 3535)
[18:17:14] [Server thread/INFO]: [Citizens] Loading external libraries
[18:17:14] [Server thread/INFO]: [Citizens] Using mojmapped server, avoiding server package checks
[18:17:14] [ForkJoinPool.commonPool-worker-1/INFO]: [Skript] Loaded 5322 aliases in 420ms
[18:17:14] [Server thread/INFO]: [Citizens] Loaded 0 templates.
[18:17:14] [Server thread/INFO]: [PlaceholderAPI] Successfully registered internal expansion: citizensplaceholder [1.0.0]
[18:17:15] [Server thread/INFO]: [HubParkour] Enabling HubParkour v2.7.6
[18:17:15] [Server thread/INFO]: [HubParkour] 1.13+ server version detected.
[18:17:15] [Server thread/INFO]: [HubParkour] Server UUID has been registered as: 79b0b5ee-c747-4d83-b6c9-faf4257f1090
[18:17:15] [Server thread/INFO]: [HubParkour] DecentHolograms has been detected detected.
[18:17:15] [Server thread/INFO]: [HubParkour] Generating holograms for parkour Jump...
[18:17:15] [Server thread/INFO]: [HubParkour] Holograms successfully generated for parkour Jump!
[18:17:15] [Server thread/INFO]: [HubParkour] Generating leaderboard hologram for parkour Jump (ID: 3) ...
[18:17:15] [Server thread/INFO]: [HubParkour] Leaderboard hologram for parkour Jump (ID: 3) successfully generated!
[18:17:15] [Server thread/INFO]: [HubParkour] PlaceholderAPI detected, registering HubParkour placeholder expansion.
[18:17:15] [Server thread/INFO]: [PlaceholderAPI] Successfully registered internal expansion: hubparkour [2.7.6]
[18:17:15] [Server thread/INFO]: [HubParkour] Plugin successfully enabled!
[18:17:15] [Server thread/INFO]: [HubParkour] HubParkour v2.8.1 is out now! I highly recommend you download the new version!
[18:17:15] [Server thread/INFO]: [TAB] Enabling TAB v5.0.3
[18:17:15] [Server thread/INFO]: [TAB] Loaded NMS hook in 41ms
[18:17:15] [Server thread/INFO]: [PlaceholderAPI] Successfully registered internal expansion: tab [5.0.3]
[18:17:15] [Server thread/INFO]: [TAB] Enabled in 322ms
[18:17:15] [Server thread/INFO]: [ajLeaderboards] Enabling ajLeaderboards v2.9.0
[18:17:16] [Server thread/INFO]: [ajLeaderboards] Using H2 flatfile for board cache. (h2)
[18:17:16] [Server thread/INFO]: [ajLeaderboards] Loaded 1 boards
[18:17:16] [Server thread/INFO]: [PlaceholderAPI] Successfully registered internal expansion: ajlb [2.9.0]
[18:17:16] [Server thread/INFO]: [ajLeaderboards] PAPI placeholders successfully registered!
[18:17:16] [Server thread/INFO]: [ajLeaderboards] ajLeaderboards v2.9.0 by ajgeiss0702 enabled!
[18:17:16] [Server thread/INFO]: [SetSpawn] Enabling SetSpawn v4.9
[18:17:16] [Server thread/INFO]: [SetSpawn] Enabled!
[18:17:16] [Server thread/INFO]: [voicechat] Enabling voicechat v2.5.27
[18:17:16] [Server thread/INFO]: [voicechat] Initializing compatibility for Bukkit version 1.20.6-R0.1
[18:17:16] [Server thread/INFO]: [voicechat] Compatibility version 18
[18:17:16] [Server thread/INFO]: [voicechat] Successfully initialized commodore command completion
[18:17:16] [Server thread/INFO]: [PlaceholderAPI] Successfully registered internal expansion: voicechat [2.5.27]
[18:17:16] [Server thread/INFO]: [voicechat] Successfully registered PlaceholderAPI expansion
[18:17:16] [Server thread/INFO]: [voicechat] Successfully added ViaVersion mappings
[18:17:16] [Server thread/INFO]: [ImageFrame] Enabling ImageFrame v1.7.14.0
[18:17:16] [Server thread/INFO]: [ImageFrame] ImageFrame has hooked into ViaVersion!
[18:17:17] [Server thread/INFO]: [ImageFrame] ImageFrame has been Enabled!
[18:17:17] [Server thread/INFO]: [GSit] Enabling GSit v1.9.3
[18:17:17] [Server thread/INFO]: [GSit] The plugin was successfully enabled.
[18:17:17] [Server thread/INFO]: [GSit] Link with PlaceholderAPI successful!
[18:17:17] [Server thread/INFO]: [PlaceholderAPI] Successfully registered internal expansion: gsit [1.9.3]
[18:17:17] [Server thread/INFO]: [GSit] Link with ViaVersion successful!
[18:17:17] [Server thread/INFO]: [SkQuery] Enabling SkQuery v4.3.0
[18:17:17] [Server thread/INFO]: [skQuery] Beginning to process a total of 152 from SkQuery
[18:17:17] [Server thread/INFO]: [skQuery] com.skquery.skquery.elements.effects.base.OptionsPragma is patternless and failed to register. This is most likely a code error.
[18:17:17] [Server thread/INFO]: [skQuery] com.skquery.skquery.elements.effects.base.Pragma is patternless and failed to register. This is most likely a code error.
[18:17:17] [Server thread/INFO]: [skQuery] Out of 152 classes, 102 classes were loaded from SkQuery
[18:17:17] [Server thread/INFO]: [GroupManager] Enabling GroupManager v3.2 (Phoenix)
[18:17:17] [Server thread/INFO]: [GroupManager] OfflinePlayers cached ( 19 ).
[18:17:17] [Server thread/INFO]: [GroupManager] World Found: world
[18:17:17] [Server thread/INFO]: [GroupManager] Superperms support enabled.
[18:17:17] [Server thread/INFO]: [PlaceholderAPI] Successfully registered internal expansion: groupmanager [1.0.0]
[18:17:17] [Server thread/INFO]: [GroupManager] Add-ons: PlaceholderAPI v2.11.6
[18:17:17] [Server thread/INFO]: [GroupManager] Scheduled Data Saving is set for every 10 minutes!
[18:17:17] [Server thread/INFO]: [GroupManager] Backups will be retained for 24 hours!
[18:17:17] [Server thread/INFO]: [GroupManager] DataSource - YAML
[18:17:17] [Server thread/INFO]: [GroupManager] version 3.2 (Phoenix) is enabled!
[18:17:17] [Server thread/INFO]: WEPIF: Using the Bukkit Permissions API.
[18:17:17] [Server thread/INFO]: [OldCombatMechanics] Enabling OldCombatMechanics v2.0.4
[18:17:17] [Server thread/WARN]: [OldCombatMechanics] No ProtocolLib detected, attack-sounds and sword-sweep-particles modules will be disabled
[18:17:17] [Server thread/INFO]: [PlaceholderAPI] Successfully registered internal expansion: ocm [2.0.4]
[18:17:17] [Server thread/INFO]: [OldCombatMechanics] OldCombatMechanics v2.0.4 has been enabled
[18:17:17] [Server thread/INFO]: [PlaceholderAPI] Placeholder expansion registration initializing...
[18:17:17] [Server thread/INFO]: Running delayed init tasks
[18:17:17] [Craft Scheduler Thread - 1 - ViaVersion/INFO]: [ViaVersion] Finished mapping loading, shutting down loader executor.
[18:17:17] [Craft Scheduler Thread - 0 - DecentHolograms/INFO]: [DecentHolograms] Loading holograms... 
[18:17:17] [Craft Scheduler Thread - 0 - DecentHolograms/INFO]: [DecentHolograms] Loaded 7 holograms!
[18:17:17] [Server thread/INFO]: [Skript] Loading variables...
[18:17:17] [Server thread/INFO]: [Skript] Loaded 2 variables in 0.0 seconds
[18:17:17] [Craft Scheduler Thread - 5 - DecentHolograms/INFO]: 
A newer version of DecentHolograms is available. Download it from: 
- https://www.spigotmc.org/resources/96927/
- https://modrinth.com/plugin/decentholograms
[18:17:17] [Craft Scheduler Thread - 1 - GroupManager/INFO]: [GroupManager] No new version available
[18:17:18] [pool-49-thread-1/INFO]: [ajLeaderboards] You are up to date! (2.9.0)
[18:17:20] [Server thread/INFO]: [Skript] Tous les scripts ont été chargés sans erreur.
[18:17:20] [Server thread/INFO]: [Skript] 19 scripts ont été chargés avec un total de 30 structures en 2.49 seconds
[18:17:20] [Server thread/INFO]: [Skript] Chargement terminé.
[18:17:20] [Server thread/INFO]: [Citizens] Loaded 12 NPCs.
[18:17:20] [Server thread/INFO]: [GroupManager] Bukkit Permissions Updated!
[18:17:20] [Server thread/INFO]: [PlaceholderAPI] Successfully registered external expansion: statistic [2.0.1]
[18:17:20] [Server thread/INFO]: [PlaceholderAPI] Successfully registered external expansion: otherplayer [2.1.0]
[18:17:20] [Server thread/INFO]: [PlaceholderAPI] Successfully registered external expansion: player [2.0.8]
[18:17:20] [Server thread/INFO]: [PlaceholderAPI] Successfully registered external expansion: parsenear [1.1.0]
[18:17:20] [Server thread/INFO]: [PlaceholderAPI] Successfully registered external expansion: objective [4.2.0]
[18:17:20] [Server thread/WARN]: [PlaceholderAPI] Cannot load expansion luckperms due to a missing plugin: LuckPerms
[18:17:20] [Server thread/INFO]: 5 placeholder hook(s) registered!
[18:17:20] [Server thread/INFO]: Done (20.444s)! For help, type "help"
[18:17:20] [Server thread/WARN]: Can't keep up! Is the server overloaded? Running 3051ms or 61 ticks behind
[18:17:20] [Server thread/INFO]: Timings Reset
[18:17:20] [Craft Scheduler Thread - 1 - ImageFrame/INFO]: [ImageFrame] Data loading completed! Loaded 0 ImageMaps!
[18:17:20] [Server thread/INFO]: [voicechat] Loading plugins
[18:17:20] [Server thread/INFO]: [voicechat] Loaded 0 plugin(s)
[18:17:20] [Server thread/INFO]: [voicechat] Initializing plugins
[18:17:20] [Server thread/INFO]: [voicechat] Initialized 0 plugin(s)
[18:17:20] [Server thread/WARN]: [voicechat] Running in offline mode - Voice chat encryption is not secure!
[18:17:20] [VoiceChatServerThread/INFO]: [voicechat] Using server-ip as bind address: 0.0.0.0
[18:17:20] [VoiceChatServerThread/INFO]: [voicechat] Voice chat server started at 0.0.0.0:30019
[18:17:37] [User Authenticator #0/INFO]: [GroupManager] Async Player Login event refresh data... 
[18:17:37] [User Authenticator #0/INFO]: [GroupManager] Async Player Login event finshed. 
[18:17:37] [User Authenticator #0/INFO]: UUID of player GohstCamera is b307fad5-9555-3855-9e72-c83611a6096e
[18:18:01] [TAB Processing Thread/INFO]: [TAB] [WARN] Placeholder %luckperms_highest_group_weight% used in sorting type PLACEHOLDER_HIGH_TO_LOW returned "%luckperms_highest_group_weight%" for player GohstCamera, which is not a valid number.
[18:18:01] [Server thread/INFO]: GohstCamera joined the game
[18:18:01] [Server thread/INFO]: GohstCamera[/86.192.200.112:58142] logged in with entity id 644 at ([world]32.596448160244414, 137.8922729734416, 513.8070842848865)
[18:18:08] [Server thread/INFO]: GohstCamera issued server command: /gamemode creative
[18:18:08] [Server thread/INFO]: [GohstCamera: Set own game mode to Creative Mode]
[18:18:15] [Server thread/INFO]: GohstCamera issued server command: /groupmanager:listgroups
[18:18:28] [Server thread/INFO]: GohstCamera issued server command: /help groupmanager
[18:18:33] [Server thread/INFO]: GohstCamera issued server command: /manulist
[18:18:35] [Server thread/INFO]: GohstCamera issued server command: /manulistp
[18:18:39] [Server thread/INFO]: GohstCamera issued server command: /manu
[18:20:59] [Server thread/INFO]: GohstCamera issued server command: /manuadd gohstcamera Owner
[18:22:12] [Server thread/INFO]: GohstCamera lost connection: Disconnected
[18:22:12] [Server thread/INFO]: [voicechat] Disconnecting client GohstCamera
[18:22:12] [Server thread/INFO]: GohstCamera left the game
[19:20:02] [User Authenticator #1/INFO]: [GroupManager] Async Player Login event refresh data... 
[19:20:02] [User Authenticator #1/INFO]: [GroupManager] Async Player Login event finshed. 
[19:20:03] [User Authenticator #1/INFO]: UUID of player mayoyomao is e25b0d23-cb44-34ca-8cc3-2c69fc1299bd
[19:20:08] [TAB Processing Thread/INFO]: [TAB] [WARN] Placeholder %luckperms_highest_group_weight% used in sorting type PLACEHOLDER_HIGH_TO_LOW returned "%luckperms_highest_group_weight%" for player mayoyomao, which is not a valid number.
[19:20:08] [Server thread/INFO]: mayoyomao joined the game
[19:20:08] [Server thread/INFO]: mayoyomao[/184.145.237.124:49327] logged in with entity id 932 at ([world]6.5, 63.0, 535.5)
[19:20:19] [Server thread/INFO]: mayoyomao issued server command: /serveur
[19:20:28] [Server thread/INFO]: mayoyomao issued server command: /SERVER
[19:20:39] [Server thread/INFO]: mayoyomao issued server command: /SERVER
[19:20:47] [Async Chat Thread - #1/INFO]: [Not Secure] <mayoyomao> salut
[19:20:49] [Server thread/INFO]: mayoyomao lost connection: Disconnected
[19:20:49] [Server thread/INFO]: [voicechat] Disconnecting client mayoyomao
[19:20:49] [Server thread/INFO]: mayoyomao left the game
[21:53:48] [Server thread/INFO]: Server Plugins (18):
[21:53:48] [Server thread/INFO]: Bukkit Plugins:
[21:53:48] [Server thread/INFO]:  - ajLeaderboards, Citizens, DecentHolograms, GroupManager, GSit, HubParkour, ImageFrame, Multiverse-Core, OldCombatMechanics, PlaceholderAPI
[21:53:48] [Server thread/INFO]:  SetSpawn, SkinsRestorer, SkQuery, Skript, TAB, ViaVersion, voicechat, WorldEdit
[22:04:48] [Server thread/INFO]: Stopping the server
[22:04:49] [Server thread/INFO]: Stopping server
[22:04:49] [Server thread/INFO]: [OldCombatMechanics] Disabling OldCombatMechanics v2.0.4
[22:04:49] [Server thread/INFO]: [OldCombatMechanics] OldCombatMechanics v2.0.4 has been disabled
[22:04:49] [Server thread/INFO]: [GroupManager] Disabling GroupManager v3.2 (Phoenix)
[22:04:49] [Server thread/INFO]: WEPIF: Using the Bukkit Permissions API.
[22:04:49] [Server thread/WARN]: [GroupManager] Scheduled Data Saving is Disabled!
[22:04:49] [Server thread/INFO]: [GroupManager] version 3.2 (Phoenix) is disabled!
[22:04:49] [Server thread/INFO]: [SkQuery] Disabling SkQuery v4.3.0
[22:04:49] [Server thread/INFO]: [GSit] Disabling GSit v1.9.3
[22:04:49] [Server thread/INFO]: [GSit] The plugin was successfully disabled.
[22:04:49] [Server thread/INFO]: [ImageFrame] Disabling ImageFrame v1.7.14.0
[22:04:49] [Server thread/INFO]: [ImageFrame] ImageFrame has been Disabled!
[22:04:49] [Server thread/INFO]: [voicechat] Disabling voicechat v2.5.27
[22:04:49] [Server thread/INFO]: [SetSpawn] Disabling SetSpawn v4.9
[22:04:49] [Server thread/INFO]: [SetSpawn] Disabled!
[22:04:49] [Server thread/INFO]: [WorldEdit] Disabling WorldEdit v7.3.2+6779-3aca580
[22:04:49] [Server thread/INFO]: Unregistering com.sk89q.worldedit.bukkit.BukkitServerInterface from WorldEdit
[22:04:49] [Server thread/INFO]: [ajLeaderboards] Disabling ajLeaderboards v2.9.0
[22:04:49] [pool-54-thread-1/INFO]: [ajLeaderboards] Shutting down cache method..
[22:04:49] [pool-54-thread-1/INFO]: [ajLeaderboards] Cache method shut down
[22:04:49] [Server thread/INFO]: [ajLeaderboards] Killing remaining workers
[22:04:49] [Server thread/INFO]: [ajLeaderboards] Remaining workers killed
[22:04:49] [Server thread/INFO]: [ajLeaderboards] ajLeaderboards v2.9.0 disabled.
[22:04:49] [Server thread/INFO]: [TAB] Disabling TAB v5.0.3
[22:04:49] [Server thread/INFO]: [TAB] Disabled in 1ms
[22:04:49] [Server thread/INFO]: [HubParkour] Disabling HubParkour v2.7.6
[22:04:49] [Server thread/INFO]: [Citizens] Disabling Citizens v2.0.35-SNAPSHOT (build 3535)
[22:04:49] [Server thread/INFO]: [Skript] Disabling Skript v2.10.1
[22:04:49] [Server thread/INFO]: [SkinsRestorer] Disabling SkinsRestorer v15.6.0
[22:04:49] [Server thread/INFO]: [DecentHolograms] Disabling DecentHolograms v2.8.14
[22:04:49] [Server thread/INFO]: [Multiverse-Core] Disabling Multiverse-Core v4.3.14
[22:04:49] [Server thread/INFO]: [ViaVersion] Disabling ViaVersion v5.2.1
[22:04:49] [Server thread/INFO]: [ViaVersion] ViaVersion has been disabled; uninjected the platform and shut down the scheduler.
[22:04:49] [Server thread/INFO]: [PlaceholderAPI] Disabling PlaceholderAPI v2.11.6
[22:04:49] [Server thread/INFO]: Saving players
[22:04:49] [Server thread/INFO]: Saving worlds
[22:04:49] [Server thread/INFO]: Saving chunks for level 'ServerLevel[world]'/minecraft:overworld
[22:04:49] [Server thread/INFO]: [ChunkHolderManager] Waiting 60s for chunk system to halt for world 'world'
[22:04:49] [Server thread/INFO]: [ChunkHolderManager] Halted chunk system for world 'world'
[22:04:49] [Server thread/INFO]: [ChunkHolderManager] Saving all chunkholders for world 'world'
[22:04:49] [Server thread/INFO]: [ChunkHolderManager] Saved 4 block chunks, 9 entity chunks, 0 poi chunks in world 'world' in 0.01s
[22:04:49] [Server thread/INFO]: ThreadedAnvilChunkStorage (world): All chunks are saved
[22:04:49] [Server thread/INFO]: Saving chunks for level 'ServerLevel[world_nether]'/minecraft:the_nether
[22:04:49] [Server thread/INFO]: [ChunkHolderManager] Waiting 60s for chunk system to halt for world 'world_nether'
[22:04:49] [Server thread/INFO]: [ChunkHolderManager] Halted chunk system for world 'world_nether'
[22:04:49] [Server thread/INFO]: [ChunkHolderManager] Saving all chunkholders for world 'world_nether'
[22:04:49] [Server thread/INFO]: [ChunkHolderManager] Saved 1 block chunks, 11 entity chunks, 0 poi chunks in world 'world_nether' in 0.00s
[22:04:49] [Server thread/INFO]: ThreadedAnvilChunkStorage (DIM-1): All chunks are saved
[22:04:49] [Server thread/INFO]: Saving chunks for level 'ServerLevel[world_the_end]'/minecraft:the_end
[22:04:49] [Server thread/INFO]: [ChunkHolderManager] Waiting 60s for chunk system to halt for world 'world_the_end'
[22:04:49] [Server thread/INFO]: [ChunkHolderManager] Halted chunk system for world 'world_the_end'
[22:04:49] [Server thread/INFO]: [ChunkHolderManager] Saving all chunkholders for world 'world_the_end'
[22:04:49] [Server thread/INFO]: [ChunkHolderManager] Saved 0 block chunks, 0 entity chunks, 0 poi chunks in world 'world_the_end' in 0.00s
[22:04:49] [Server thread/INFO]: ThreadedAnvilChunkStorage (DIM1): All chunks are saved
[22:04:49] [Server thread/INFO]: Saving chunks for level 'ServerLevel[Plateau]'/minecraft:plateau
[22:04:49] [Server thread/INFO]: [ChunkHolderManager] Waiting 60s for chunk system to halt for world 'Plateau'
[22:04:49] [Server thread/INFO]: [ChunkHolderManager] Halted chunk system for world 'Plateau'
[22:04:49] [Server thread/INFO]: [ChunkHolderManager] Saving all chunkholders for world 'Plateau'
[22:04:49] [Server thread/INFO]: [ChunkHolderManager] Saved 0 block chunks, 6 entity chunks, 0 poi chunks in world 'Plateau' in 0.00s
[22:04:49] [Server thread/INFO]: ThreadedAnvilChunkStorage (Plateau): All chunks are saved
[22:04:49] [Server thread/INFO]: Saving chunks for level 'ServerLevel[KohLanta_Autre_Monde]'/minecraft:kohlanta_autre_monde
[22:04:49] [Server thread/INFO]: [ChunkHolderManager] Waiting 60s for chunk system to halt for world 'KohLanta_Autre_Monde'
[22:04:49] [Server thread/INFO]: [ChunkHolderManager] Halted chunk system for world 'KohLanta_Autre_Monde'
[22:04:49] [Server thread/INFO]: [ChunkHolderManager] Saving all chunkholders for world 'KohLanta_Autre_Monde'
[22:04:49] [Server thread/INFO]: [ChunkHolderManager] Saved 1 block chunks, 7 entity chunks, 0 poi chunks in world 'KohLanta_Autre_Monde' in 0.01s
[22:04:49] [Server thread/INFO]: ThreadedAnvilChunkStorage (KohLanta_Autre_Monde): All chunks are saved
[22:04:49] [Server thread/INFO]: Saving chunks for level 'ServerLevel[Gab]'/minecraft:gab
[22:04:49] [Server thread/INFO]: [ChunkHolderManager] Waiting 60s for chunk system to halt for world 'Gab'
[22:04:49] [Server thread/INFO]: [ChunkHolderManager] Halted chunk system for world 'Gab'
[22:04:49] [Server thread/INFO]: [ChunkHolderManager] Saving all chunkholders for world 'Gab'
[22:04:49] [Server thread/INFO]: [ChunkHolderManager] Saved 2 block chunks, 0 entity chunks, 0 poi chunks in world 'Gab' in 0.00s
[22:04:49] [Server thread/INFO]: ThreadedAnvilChunkStorage (Gab): All chunks are saved
[22:04:49] [Server thread/INFO]: Saving chunks for level 'ServerLevel[PVP3]'/minecraft:pvp3
[22:04:49] [Server thread/INFO]: [ChunkHolderManager] Waiting 60s for chunk system to halt for world 'PVP3'
[22:04:49] [Server thread/INFO]: [ChunkHolderManager] Halted chunk system for world 'PVP3'
[22:04:49] [Server thread/INFO]: [ChunkHolderManager] Saving all chunkholders for world 'PVP3'
[22:04:49] [Server thread/INFO]: [ChunkHolderManager] Saved 0 block chunks, 0 entity chunks, 0 poi chunks in world 'PVP3' in 0.00s
[22:04:49] [Server thread/INFO]: ThreadedAnvilChunkStorage (PVP3): All chunks are saved
[22:04:49] [Server thread/INFO]: Saving chunks for level 'ServerLevel[PVP2]'/minecraft:pvp2
[22:04:49] [Server thread/INFO]: [ChunkHolderManager] Waiting 60s for chunk system to halt for world 'PVP2'
[22:04:49] [Server thread/INFO]: [ChunkHolderManager] Halted chunk system for world 'PVP2'
[22:04:49] [Server thread/INFO]: [ChunkHolderManager] Saving all chunkholders for world 'PVP2'
[22:04:49] [Server thread/INFO]: [ChunkHolderManager] Saved 0 block chunks, 0 entity chunks, 0 poi chunks in world 'PVP2' in 0.00s
[22:04:49] [Server thread/INFO]: ThreadedAnvilChunkStorage (PVP2): All chunks are saved
[22:04:49] [Server thread/INFO]: Saving chunks for level 'ServerLevel[Lobby]'/minecraft:lobby
[22:04:49] [Server thread/INFO]: [ChunkHolderManager] Waiting 60s for chunk system to halt for world 'Lobby'
[22:04:49] [Server thread/INFO]: [ChunkHolderManager] Halted chunk system for world 'Lobby'
[22:04:49] [Server thread/INFO]: [ChunkHolderManager] Saving all chunkholders for world 'Lobby'
[22:04:49] [Server thread/INFO]: [ChunkHolderManager] Saved 0 block chunks, 5 entity chunks, 0 poi chunks in world 'Lobby' in 0.00s
[22:04:49] [Server thread/INFO]: ThreadedAnvilChunkStorage (Lobby): All chunks are saved
[22:04:49] [Server thread/INFO]: Saving chunks for level 'ServerLevel[Ninja_Warrior]'/minecraft:ninja_warrior
[22:04:49] [Server thread/INFO]: [ChunkHolderManager] Waiting 60s for chunk system to halt for world 'Ninja_Warrior'
[22:04:49] [Server thread/INFO]: [ChunkHolderManager] Halted chunk system for world 'Ninja_Warrior'
[22:04:49] [Server thread/INFO]: [ChunkHolderManager] Saving all chunkholders for world 'Ninja_Warrior'
[22:04:49] [Server thread/INFO]: [ChunkHolderManager] Saved 0 block chunks, 9 entity chunks, 0 poi chunks in world 'Ninja_Warrior' in 0.00s
[22:04:49] [Server thread/INFO]: ThreadedAnvilChunkStorage (Ninja_Warrior): All chunks are saved
[22:04:49] [Server thread/INFO]: Saving chunks for level 'ServerLevel[ThePlatform]'/minecraft:theplatform
[22:04:49] [Server thread/INFO]: [ChunkHolderManager] Waiting 60s for chunk system to halt for world 'ThePlatform'
[22:04:49] [Server thread/INFO]: [ChunkHolderManager] Halted chunk system for world 'ThePlatform'
[22:04:49] [Server thread/INFO]: [ChunkHolderManager] Saving all chunkholders for world 'ThePlatform'
[22:04:49] [Server thread/INFO]: [ChunkHolderManager] Saved 0 block chunks, 0 entity chunks, 0 poi chunks in world 'ThePlatform' in 0.00s
[22:04:49] [Server thread/INFO]: ThreadedAnvilChunkStorage (ThePlatform): All chunks are saved
[22:04:49] [Server thread/INFO]: Saving chunks for level 'ServerLevel[FallenKingdom]'/minecraft:fallenkingdom
[22:04:49] [Server thread/INFO]: [ChunkHolderManager] Waiting 60s for chunk system to halt for world 'FallenKingdom'
[22:04:49] [Server thread/INFO]: [ChunkHolderManager] Halted chunk system for world 'FallenKingdom'
[22:04:49] [Server thread/INFO]: [ChunkHolderManager] Saving all chunkholders for world 'FallenKingdom'
[22:04:49] [Server thread/INFO]: [ChunkHolderManager] Saved 0 block chunks, 0 entity chunks, 0 poi chunks in world 'FallenKingdom' in 0.00s
[22:04:49] [Server thread/INFO]: ThreadedAnvilChunkStorage (FallenKingdom): All chunks are saved
[22:04:49] [Server thread/INFO]: ThreadedAnvilChunkStorage: All dimensions are saved
[22:04:49] [Server thread/INFO]: Flushing Chunk IO
[22:04:49] [Server thread/INFO]: Closing Thread Pool
[22:04:49] [Server thread/INFO]: Closing Server
